// Jest Snapshot v1, https://goo.gl/fbAQLP

exports[`renders landing message correctly 1`] = `
<View
  style={
    Object {
      "alignItems": "center",
      "backgroundColor": "#F5FCFF",
      "flex": 1,
      "justifyContent": "center",
    }
  }
>
  <Text
    accessible={true}
    allowFontScaling={true}
    ellipsizeMode="tail"
    style={
      Object {
        "fontSize": 20,
        "marginBottom": 10,
      }
    }
  >
    Welcome to React Sandbox
  </Text>
  <Text
    accessible={true}
    allowFontScaling={true}
    ellipsizeMode="tail"
    style={
      Object {
        "color": "#333333",
      }
    }
  >
    Cmd+R to reload
  </Text>
  <Text
    accessible={true}
    allowFontScaling={true}
    ellipsizeMode="tail"
    style={
      Object {
        "color": "#333333",
      }
    }
  >
    Cmd+D for dev tools
  </Text>
</View>
`;
